python : .INFO: 
Created TensorFlow 
Lite XNNPACK 
delegate for CPU.
At line:1 char:1
+ python 
test_capabilities.py 
> test_log.txt 2>&1
+ ~~~~~~~~~~~~~~~~~~~
~~~~~~~~~~~~~~~~~~~~~
~~~~~~~
    + CategoryInfo   
           : NotSpe  
  cified: (.INFO:    
 Created ...legat    
e for CPU.:Strin    
g) [], RemoteExc    
eption
    + FullyQualified 
   ErrorId : Native  
  CommandError
 
F.
=====================
=====================
=====================
=======
FAIL: test_privacy (_
_main__.TestCapabilit
ies.test_privacy)
---------------------
---------------------
---------------------
-------
Traceback (most 
recent call last):
  File "C:\Users\anki
t\Desktop\Jarviss\tes
t_capabilities.py", 
line 22, in 
test_privacy
    self.assertIn("[S
SN]", anonymized) # 
Wait, my regex was 
for SSN actually: 
\d{3}-\d{2}-\d{4}
    ^^^^^^^^^^^^^^^^^
^^^^^^^^^^^^^^^^^
AssertionError: 
'[SSN]' not found in 
'My number is 
123-456-7890'

---------------------
---------------------
---------------------
-------
Ran 3 tests in 0.382s

FAILED (failures=1)
[DB] Connected to SQLite memory.

[WARNING] Jarvis is NOT running as Administrator.
System commands (firewall, etc.) will fail.

[SYSTEM] Registered capability: Privacy Manager
[SYSTEM] Registered capability: Compliance Engine
[SYSTEM] Registered capability: Action Provenance
[SYSTEM] Registered capability: Federated Memory
[SYSTEM] Registered capability: Knowledge Manager
[SYSTEM] Registered capability: Cost Optimizer
[SYSTEM] Registered capability: Context Awareness
[SYSTEM] Registered capability: Accessibility Manager
[SYSTEM] Registered capability: Transparency Engine
[SYSTEM] Registered capability: Sandbox Executor
[SYSTEM] Registered capability: Resilience Manager
[COMPLIANCE] Blocked prohibited action: format_drive
[BLOCKED] Action blocked by Compliance Engine

[WARNING] Jarvis is NOT running as Administrator.
System commands (firewall, etc.) will fail.

[SYSTEM] Registered capability: Privacy Manager
[SYSTEM] Registered capability: Compliance Engine
[SYSTEM] Registered capability: Action Provenance
[SYSTEM] Registered capability: Federated Memory
[SYSTEM] Registered capability: Knowledge Manager
[SYSTEM] Registered capability: Cost Optimizer
[SYSTEM] Registered capability: Context Awareness
[SYSTEM] Registered capability: Accessibility Manager
[SYSTEM] Registered capability: Transparency Engine
[SYSTEM] Registered capability: Sandbox Executor
[SYSTEM] Registered capability: Resilience Manager

[WARNING] Jarvis is NOT running as Administrator.
System commands (firewall, etc.) will fail.

[SYSTEM] Registered capability: Privacy Manager
[SYSTEM] Registered capability: Compliance Engine
[SYSTEM] Registered capability: Action Provenance
[SYSTEM] Registered capability: Federated Memory
[SYSTEM] Registered capability: Knowledge Manager
[SYSTEM] Registered capability: Cost Optimizer
[SYSTEM] Registered capability: Context Awareness
[SYSTEM] Registered capability: Accessibility Manager
[SYSTEM] Registered capability: Transparency Engine
[SYSTEM] Registered capability: Sandbox Executor
[SYSTEM] Registered capability: Resilience Manager
WARNING: All log 
messages before absl:
:InitializeLog() is 
called are written 
to STDERR
W0000 00:00:176580809
3.500840    3100 infe
rence_feedback_manage
r.cc:114] Feedback 
manager requires a 
model with a single 
signature inference. 
Disabling support 
for feedback tensors.
W0000 00:00:176580809
3.513202   19884 infe
rence_feedback_manage
r.cc:114] Feedback 
manager requires a 
model with a single 
signature inference. 
Disabling support 
for feedback tensors.
W0000 00:00:176580809
3.524887    9176 infe
rence_feedback_manage
r.cc:114] Feedback 
manager requires a 
model with a single 
signature inference. 
Disabling support 
for feedback tensors.
W0000 00:00:176580809
3.534758   10028 infe
rence_feedback_manage
r.cc:114] Feedback 
manager requires a 
model with a single 
signature inference. 
Disabling support 
for feedback tensors.
W0000 00:00:176580809
3.549157   19884 infe
rence_feedback_manage
r.cc:114] Feedback 
manager requires a 
model with a single 
signature inference. 
Disabling support 
for feedback tensors.
W0000 00:00:176580809
3.554358    9176 infe
rence_feedback_manage
r.cc:114] Feedback 
manager requires a 
model with a single 
signature inference. 
Disabling support 
for feedback tensors.
